\BOOKMARK [1][-]{section.1}{\376\377\000I\000n\000t\000r\000o\000d\000u\000c\000t\000i\000o\000n}{}% 1
\BOOKMARK [1][-]{section.2}{\376\377\000T\000a\000b\000l\000e\000a\000u\000\040\000d\000e\000\040\000s\000y\000n\000t\000h\000\350\000s\000e\000\040\000g\000l\000o\000b\000a\000l}{}% 2
\BOOKMARK [1][-]{section.3}{\376\377\000F\000i\000c\000h\000e\000s\000\040\000d\000\351\000t\000a\000i\000l\000l\000\351\000e\000s\000\040\000p\000a\000r\000\040\000i\000d\000\351\000e}{}% 3
\BOOKMARK [2][-]{subsection.3.1}{\376\377\0001\000.\000\040\000C\000h\000a\000t\000b\000o\000t\000\040\000R\000A\000G}{section.3}% 4
\BOOKMARK [2][-]{subsection.3.2}{\376\377\0002\000.\000\040\000R\000e\000c\000o\000m\000m\000a\000n\000d\000a\000t\000i\000o\000n\000\040\000h\000y\000b\000r\000i\000d\000e\000\040\000\050\000M\000a\000t\000c\000h\000m\000a\000k\000e\000r\000\040\000a\000u\000t\000o\000m\000o\000b\000i\000l\000e\000\051}{section.3}% 5
\BOOKMARK [2][-]{subsection.3.3}{\376\377\0003\000.\000\040\000P\000i\000p\000e\000l\000i\000n\000e\000\040\000i\000n\000g\000e\000s\000t\000i\000o\000n\000\040\000t\000e\000m\000p\000s\000\040\000r\000\351\000e\000l\000\040\000\050\000s\000c\000r\000a\000p\000e\000r\000s\000\051}{section.3}% 6
\BOOKMARK [2][-]{subsection.3.4}{\376\377\0004\000.\000\040\000P\000r\000\351\000d\000i\000c\000t\000i\000o\000n\000\040\000p\000r\000i\000x\000\040\000d\000e\000\040\000r\000e\000v\000e\000n\000t\000e\000\040\000\050\000A\000r\000g\000u\000s\000\040\000i\000n\000t\000e\000l\000l\000i\000g\000e\000n\000t\000\051}{section.3}% 7
\BOOKMARK [2][-]{subsection.3.5}{\376\377\0005\000.\000\040\000D\000\351\000t\000e\000c\000t\000i\000o\000n\000\040\000a\000n\000o\000m\000a\000l\000i\000e\000s\000/\000f\000r\000a\000u\000d\000e\000\040\000\050\000A\000n\000t\000i\000-\000f\000r\000a\000u\000d\000e\000\040\000s\000c\000a\000m\000\040\000d\000e\000t\000e\000c\000t\000i\000o\000n\000\051}{section.3}% 8
\BOOKMARK [2][-]{subsection.3.6}{\376\377\0006\000.\000\040\000G\000r\000a\000p\000h\000e\000\040\000d\000e\000\040\000s\000i\000m\000i\000l\000a\000r\000i\000t\000\351\000\040\000\050\000G\000r\000a\000p\000h\000R\000A\000G\000\051}{section.3}% 9
\BOOKMARK [2][-]{subsection.3.7}{\376\377\0007\000.\000\040\000D\000a\000s\000h\000b\000o\000a\000r\000d\000\040\000a\000n\000a\000l\000y\000t\000i\000c\000s\000\040\000v\000e\000n\000d\000e\000u\000r}{section.3}% 10
\BOOKMARK [2][-]{subsection.3.8}{\376\377\0008\000.\000\040\000R\000e\000c\000h\000e\000r\000c\000h\000e\000\040\000e\000n\000\040\000l\000a\000n\000g\000a\000g\000e\000\040\000n\000a\000t\000u\000r\000e\000l}{section.3}% 11
\BOOKMARK [2][-]{subsection.3.9}{\376\377\0009\000.\000\040\000S\000e\000g\000m\000e\000n\000t\000a\000t\000i\000o\000n\000\040\000a\000c\000h\000e\000t\000e\000u\000r\000s}{section.3}% 12
\BOOKMARK [2][-]{subsection.3.10}{\376\377\0001\0000\000.\000\040\000A\000n\000a\000l\000y\000s\000e\000\040\000d\000e\000\040\000s\000e\000n\000t\000i\000m\000e\000n\000t\000\040\000a\000v\000i\000s\000\040\000c\000l\000i\000e\000n\000t\000s}{section.3}% 13
\BOOKMARK [2][-]{subsection.3.11}{\376\377\0001\0001\000.\000\040\000P\000r\000\351\000v\000i\000s\000i\000o\000n\000\040\000d\000e\000\040\000d\000e\000m\000a\000n\000d\000e}{section.3}% 14
\BOOKMARK [2][-]{subsection.3.12}{\376\377\0001\0002\000.\000\040\000D\000a\000t\000a\000\040\000l\000i\000n\000e\000a\000g\000e\000\040\000/\000\040\000t\000r\000a\000\347\000a\000b\000i\000l\000i\000t\000\351}{section.3}% 15
\BOOKMARK [2][-]{subsection.3.13}{\376\377\0001\0003\000.\000\040\000A\000n\000a\000l\000y\000s\000e\000\040\000g\000\351\000o\000s\000p\000a\000t\000i\000a\000l\000e}{section.3}% 16
\BOOKMARK [2][-]{subsection.3.14}{\376\377\0001\0004\000.\000\040\000A\000/\000B\000\040\000t\000e\000s\000t\000i\000n\000g\000\040\000r\000e\000c\000o\000m\000m\000a\000n\000d\000a\000t\000i\000o\000n}{section.3}% 17
\BOOKMARK [2][-]{subsection.3.15}{\376\377\0001\0005\000.\000\040\000C\000o\000m\000p\000u\000t\000e\000r\000\040\000V\000i\000s\000i\000o\000n\000\040\000\050\000d\000\351\000t\000e\000c\000t\000i\000o\000n\000\040\000c\000h\000o\000c\000s\000/\000r\000a\000y\000u\000r\000e\000s\000\040\000+\000\040\000f\000l\000o\000u\000t\000a\000g\000e\000\040\000p\000l\000a\000q\000u\000e\000s\000\051}{section.3}% 18
\BOOKMARK [2][-]{subsection.3.16}{\376\377\0001\0006\000.\000\040\000S\000i\000m\000u\000l\000a\000t\000e\000u\000r\000\040\000T\000C\000O\000\040\000\050\000C\000o\000\373\000t\000\040\000T\000o\000t\000a\000l\000\040\000d\000e\000\040\000P\000o\000s\000s\000e\000s\000s\000i\000o\000n\000\051}{section.3}% 19
\BOOKMARK [2][-]{subsection.3.17}{\376\377\0001\0007\000.\000\040\000C\000a\000r\000t\000o\000g\000r\000a\000p\000h\000i\000e\000\040\000d\000e\000\040\000l\000a\000\040\000d\000e\000m\000a\000n\000d\000e\000\040\000\050\000B\0002\000B\000\051}{section.3}% 20
\BOOKMARK [2][-]{subsection.3.18}{\376\377\0001\0008\000.\000\040\000T\000a\000r\000i\000f\000i\000c\000a\000t\000i\000o\000n\000\040\000d\000y\000n\000a\000m\000i\000q\000u\000e\000\040\000\050\000y\000i\000e\000l\000d\000\040\000m\000a\000n\000a\000g\000e\000m\000e\000n\000t\000\051}{section.3}% 21
\BOOKMARK [2][-]{subsection.3.19}{\376\377\0001\0009\000.\000\040\000P\000r\000o\000f\000i\000l\000s\000\040\000v\000\351\000r\000i\000f\000i\000\351\000s\000\040\000T\000r\000u\000s\000t\000B\000a\000d\000g\000e}{section.3}% 22
\BOOKMARK [2][-]{subsection.3.20}{\376\377\0002\0000\000.\000\040\000G\000\351\000n\000\351\000r\000a\000t\000e\000u\000r\000\040\000d\000'\000a\000n\000n\000o\000n\000c\000e\000s\000\040\000I\000A}{section.3}% 23
\BOOKMARK [1][-]{section.4}{\376\377\000V\000u\000e\000\040\000d\000'\000e\000n\000s\000e\000m\000b\000l\000e\000\040\000p\000a\000r\000\040\000c\000o\000u\000c\000h\000e\000\040\000a\000r\000c\000h\000i\000t\000e\000c\000t\000u\000r\000a\000l\000e}{}% 24
\BOOKMARK [1][-]{section.5}{\376\377\000C\000o\000n\000c\000l\000u\000s\000i\000o\000n}{}% 25
\BOOKMARK [1][-]{appendix.A}{\376\377\000A\000n\000n\000e\000x\000e\000\040\000:\000\040\000I\000d\000\351\000e\000s\000\040\000\351\000c\000a\000r\000t\000\351\000e\000s}{}% 26
